[   11791ms] [ERROR] Mixed Content: The page at 'https://alaglas.com/' was loaded over HTTPS, but requested an insecure stylesheet 'http://alaglas.com/wp-content/uploads/elementor/css/base-desktop.css?ver=6a84b5db641ad'. This request has been blocked; the content must be served over HTTPS. @ https://alaglas.com/:349
[   11793ms] [ERROR] Mixed Content: The page at 'https://alaglas.com/' was loaded over HTTPS, but requested an insecure stylesheet 'http://alaglas.com/wp-content/uploads/elementor/css/base-mobile.css?ver=6a84b5db641ad'. This request has been blocked; the content must be served over HTTPS. @ https://alaglas.com/:350
[   13550ms] [ERROR] Refused to apply style from 'https://alaglas.com/wp-content/uploads/elementor/css/post-1856.css?ver=1787104581' because its MIME type ('text/html') is not a supported stylesheet MIME type, and strict MIME checking is enabled. @ https://alaglas.com/:0
[   13566ms] [LOG] JQMIGRATE: Migrate is installed, version 3.4.1 @ https://alaglas.com/wp-includes/js/jquery/jquery-migrate.min.js?ver=3.4.1:1
[   14991ms] [WARNING] @import rules are not allowed here. See https://github.com/WICG/construct-stylesheets/issues/119#issuecomment-588352418. @ https://widgets.leadconnectorhq.com/chat-widget/p-Do7bswAW.js:8
[   19533ms] [ERROR] Mixed Content: The page at 'https://alaglas.com/' was loaded over HTTPS, but requested an insecure stylesheet 'http://alaglas.com/wp-content/uploads/elementor/css/base-desktop.css?ver=6a84b5db641ad'. This request has been blocked; the content must be served over HTTPS. @ https://alaglas.com/:349
[   19533ms] [ERROR] Mixed Content: The page at 'https://alaglas.com/' was loaded over HTTPS, but requested an insecure stylesheet 'http://alaglas.com/wp-content/uploads/elementor/css/base-mobile.css?ver=6a84b5db641ad'. This request has been blocked; the content must be served over HTTPS. @ https://alaglas.com/:350
[   20048ms] [LOG] JQMIGRATE: Migrate is installed, version 3.4.1 @ https://alaglas.com/wp-includes/js/jquery/jquery-migrate.min.js?ver=3.4.1:1
[   21011ms] [WARNING] @import rules are not allowed here. See https://github.com/WICG/construct-stylesheets/issues/119#issuecomment-588352418. @ https://widgets.leadconnectorhq.com/chat-widget/p-Do7bswAW.js:8
[   22938ms] [ERROR] Mixed Content: The page at 'https://alaglas.com/' was loaded over HTTPS, but requested an insecure stylesheet 'http://alaglas.com/wp-content/uploads/elementor/css/base-desktop.css?ver=6a84b5db641ad'. This request has been blocked; the content must be served over HTTPS. @ https://alaglas.com/:349
[   22938ms] [ERROR] Mixed Content: The page at 'https://alaglas.com/' was loaded over HTTPS, but requested an insecure stylesheet 'http://alaglas.com/wp-content/uploads/elementor/css/base-mobile.css?ver=6a84b5db641ad'. This request has been blocked; the content must be served over HTTPS. @ https://alaglas.com/:350
[   23366ms] [LOG] JQMIGRATE: Migrate is installed, version 3.4.1 @ https://alaglas.com/wp-includes/js/jquery/jquery-migrate.min.js?ver=3.4.1:1
[   24942ms] [WARNING] @import rules are not allowed here. See https://github.com/WICG/construct-stylesheets/issues/119#issuecomment-588352418. @ https://widgets.leadconnectorhq.com/chat-widget/p-Do7bswAW.js:8
[   76136ms] [ERROR] Mixed Content: The page at 'https://alaglas.com/' was loaded over HTTPS, but requested an insecure stylesheet 'http://alaglas.com/wp-content/uploads/elementor/css/base-desktop.css?ver=6a84b5db641ad'. This request has been blocked; the content must be served over HTTPS. @ https://alaglas.com/:349
[   76136ms] [ERROR] Mixed Content: The page at 'https://alaglas.com/' was loaded over HTTPS, but requested an insecure stylesheet 'http://alaglas.com/wp-content/uploads/elementor/css/base-mobile.css?ver=6a84b5db641ad'. This request has been blocked; the content must be served over HTTPS. @ https://alaglas.com/:350
[   76776ms] [LOG] JQMIGRATE: Migrate is installed, version 3.4.1 @ https://alaglas.com/wp-includes/js/jquery/jquery-migrate.min.js?ver=3.4.1:1
[   77772ms] [WARNING] @import rules are not allowed here. See https://github.com/WICG/construct-stylesheets/issues/119#issuecomment-588352418. @ https://widgets.leadconnectorhq.com/chat-widget/p-Do7bswAW.js:8
[  230888ms] [ERROR] Mixed Content: The page at 'https://alaglas.com/' was loaded over HTTPS, but requested an insecure stylesheet 'http://alaglas.com/wp-content/uploads/elementor/css/base-desktop.css?ver=6a84b5db641ad'. This request has been blocked; the content must be served over HTTPS. @ https://alaglas.com/:349
[  230888ms] [ERROR] Mixed Content: The page at 'https://alaglas.com/' was loaded over HTTPS, but requested an insecure stylesheet 'http://alaglas.com/wp-content/uploads/elementor/css/base-mobile.css?ver=6a84b5db641ad'. This request has been blocked; the content must be served over HTTPS. @ https://alaglas.com/:350
[  233626ms] [ERROR] Refused to apply style from 'https://alaglas.com/wp-content/uploads/elementor/css/post-1856.css?ver=1787107202' because its MIME type ('text/html') is not a supported stylesheet MIME type, and strict MIME checking is enabled. @ https://alaglas.com/:0
[  233630ms] [LOG] JQMIGRATE: Migrate is installed, version 3.4.1 @ https://alaglas.com/wp-includes/js/jquery/jquery-migrate.min.js?ver=3.4.1:1
[  234821ms] [WARNING] @import rules are not allowed here. See https://github.com/WICG/construct-stylesheets/issues/119#issuecomment-588352418. @ https://widgets.leadconnectorhq.com/chat-widget/p-Do7bswAW.js:8
[  240334ms] [ERROR] Mixed Content: The page at 'https://alaglas.com/' was loaded over HTTPS, but requested an insecure stylesheet 'http://alaglas.com/wp-content/uploads/elementor/css/base-desktop.css?ver=6a84b5db641ad'. This request has been blocked; the content must be served over HTTPS. @ https://alaglas.com/:349
[  240334ms] [ERROR] Mixed Content: The page at 'https://alaglas.com/' was loaded over HTTPS, but requested an insecure stylesheet 'http://alaglas.com/wp-content/uploads/elementor/css/base-mobile.css?ver=6a84b5db641ad'. This request has been blocked; the content must be served over HTTPS. @ https://alaglas.com/:350
[  240877ms] [LOG] JQMIGRATE: Migrate is installed, version 3.4.1 @ https://alaglas.com/wp-includes/js/jquery/jquery-migrate.min.js?ver=3.4.1:1
[  241810ms] [WARNING] @import rules are not allowed here. See https://github.com/WICG/construct-stylesheets/issues/119#issuecomment-588352418. @ https://widgets.leadconnectorhq.com/chat-widget/p-Do7bswAW.js:8
[  245171ms] [ERROR] Mixed Content: The page at 'https://alaglas.com/contact-us/' was loaded over HTTPS, but requested an insecure stylesheet 'http://alaglas.com/wp-content/uploads/elementor/css/base-desktop.css?ver=6a84b5db641ad'. This request has been blocked; the content must be served over HTTPS. @ https://alaglas.com/contact-us/:350
[  245171ms] [ERROR] Mixed Content: The page at 'https://alaglas.com/contact-us/' was loaded over HTTPS, but requested an insecure stylesheet 'http://alaglas.com/wp-content/uploads/elementor/css/base-mobile.css?ver=6a84b5db641ad'. This request has been blocked; the content must be served over HTTPS. @ https://alaglas.com/contact-us/:351
[  245341ms] [LOG] JQMIGRATE: Migrate is installed, version 3.4.1 @ https://alaglas.com/wp-includes/js/jquery/jquery-migrate.min.js?ver=3.4.1:1
[  246508ms] [WARNING] @import rules are not allowed here. See https://github.com/WICG/construct-stylesheets/issues/119#issuecomment-588352418. @ https://widgets.leadconnectorhq.com/chat-widget/p-Do7bswAW.js:8
[  258382ms] [ERROR] Mixed Content: The page at 'https://alaglas.com/client/' was loaded over HTTPS, but requested an insecure stylesheet 'http://alaglas.com/wp-content/uploads/elementor/css/base-desktop.css?ver=6a84b5db641ad'. This request has been blocked; the content must be served over HTTPS. @ https://alaglas.com/client/:344
[  258383ms] [ERROR] Mixed Content: The page at 'https://alaglas.com/client/' was loaded over HTTPS, but requested an insecure stylesheet 'http://alaglas.com/wp-content/uploads/elementor/css/base-mobile.css?ver=6a84b5db641ad'. This request has been blocked; the content must be served over HTTPS. @ https://alaglas.com/client/:345
[  258547ms] [LOG] JQMIGRATE: Migrate is installed, version 3.4.1 @ https://alaglas.com/wp-includes/js/jquery/jquery-migrate.min.js?ver=3.4.1:1
[  258660ms] [VERBOSE] [DOM] Input elements should have autocomplete attributes (suggested: "new-password"): (More info: https://goo.gl/9p2vKq) %o @ https://alaglas.com/client/:0
[  259184ms] [WARNING] @import rules are not allowed here. See https://github.com/WICG/construct-stylesheets/issues/119#issuecomment-588352418. @ https://widgets.leadconnectorhq.com/chat-widget/p-Do7bswAW.js:8
[  264871ms] [ERROR] Mixed Content: The page at 'https://alaglas.com/pools-and-spas/' was loaded over HTTPS, but requested an insecure stylesheet 'http://alaglas.com/wp-content/uploads/elementor/css/base-desktop.css?ver=6a84b5db641ad'. This request has been blocked; the content must be served over HTTPS. @ https://alaglas.com/pools-and-spas/:351
[  264871ms] [ERROR] Mixed Content: The page at 'https://alaglas.com/pools-and-spas/' was loaded over HTTPS, but requested an insecure stylesheet 'http://alaglas.com/wp-content/uploads/elementor/css/base-mobile.css?ver=6a84b5db641ad'. This request has been blocked; the content must be served over HTTPS. @ https://alaglas.com/pools-and-spas/:352
[  265067ms] [LOG] JQMIGRATE: Migrate is installed, version 3.4.1 @ https://alaglas.com/wp-includes/js/jquery/jquery-migrate.min.js?ver=3.4.1:1
[  265919ms] [WARNING] @import rules are not allowed here. See https://github.com/WICG/construct-stylesheets/issues/119#issuecomment-588352418. @ https://widgets.leadconnectorhq.com/chat-widget/p-Do7bswAW.js:8
[  279045ms] [ERROR] Mixed Content: The page at 'https://alaglas.com/client/' was loaded over HTTPS, but requested an insecure stylesheet 'http://alaglas.com/wp-content/uploads/elementor/css/base-desktop.css?ver=6a84b5db641ad'. This request has been blocked; the content must be served over HTTPS. @ https://alaglas.com/client/:344
[  279046ms] [ERROR] Mixed Content: The page at 'https://alaglas.com/client/' was loaded over HTTPS, but requested an insecure stylesheet 'http://alaglas.com/wp-content/uploads/elementor/css/base-mobile.css?ver=6a84b5db641ad'. This request has been blocked; the content must be served over HTTPS. @ https://alaglas.com/client/:345
[  279050ms] [LOG] JQMIGRATE: Migrate is installed, version 3.4.1 @ https://alaglas.com/wp-includes/js/jquery/jquery-migrate.min.js?ver=3.4.1:1
[  279263ms] [VERBOSE] [DOM] Input elements should have autocomplete attributes (suggested: "new-password"): (More info: https://goo.gl/9p2vKq) %o @ https://alaglas.com/client/:0
[  279827ms] [WARNING] @import rules are not allowed here. See https://github.com/WICG/construct-stylesheets/issues/119#issuecomment-588352418. @ https://widgets.leadconnectorhq.com/chat-widget/p-Do7bswAW.js:8
[  287563ms] [ERROR] Mixed Content: The page at 'https://alaglas.com/blog/' was loaded over HTTPS, but requested an insecure stylesheet 'http://alaglas.com/wp-content/uploads/elementor/css/base-desktop.css?ver=6a84b5db641ad'. This request has been blocked; the content must be served over HTTPS. @ https://alaglas.com/blog/:352
[  287563ms] [ERROR] Mixed Content: The page at 'https://alaglas.com/blog/' was loaded over HTTPS, but requested an insecure stylesheet 'http://alaglas.com/wp-content/uploads/elementor/css/base-mobile.css?ver=6a84b5db641ad'. This request has been blocked; the content must be served over HTTPS. @ https://alaglas.com/blog/:353
[  287754ms] [LOG] JQMIGRATE: Migrate is installed, version 3.4.1 @ https://alaglas.com/wp-includes/js/jquery/jquery-migrate.min.js?ver=3.4.1:1
[  288796ms] [WARNING] @import rules are not allowed here. See https://github.com/WICG/construct-stylesheets/issues/119#issuecomment-588352418. @ https://widgets.leadconnectorhq.com/chat-widget/p-Do7bswAW.js:8
[  379441ms] [ERROR] Mixed Content: The page at 'https://alaglas.com/blog/' was loaded over HTTPS, but requested an insecure stylesheet 'http://alaglas.com/wp-content/uploads/elementor/css/base-desktop.css?ver=6a84b5db641ad'. This request has been blocked; the content must be served over HTTPS. @ https://alaglas.com/blog/:352
[  379442ms] [ERROR] Mixed Content: The page at 'https://alaglas.com/blog/' was loaded over HTTPS, but requested an insecure stylesheet 'http://alaglas.com/wp-content/uploads/elementor/css/base-mobile.css?ver=6a84b5db641ad'. This request has been blocked; the content must be served over HTTPS. @ https://alaglas.com/blog/:353
[  379941ms] [LOG] JQMIGRATE: Migrate is installed, version 3.4.1 @ https://alaglas.com/wp-includes/js/jquery/jquery-migrate.min.js?ver=3.4.1:1
[  381197ms] [WARNING] @import rules are not allowed here. See https://github.com/WICG/construct-stylesheets/issues/119#issuecomment-588352418. @ https://widgets.leadconnectorhq.com/chat-widget/p-Do7bswAW.js:8
[  458695ms] [ERROR] Mixed Content: The page at 'https://alaglas.com/blog/' was loaded over HTTPS, but requested an insecure stylesheet 'http://alaglas.com/wp-content/uploads/elementor/css/base-desktop.css?ver=6a84b5db641ad'. This request has been blocked; the content must be served over HTTPS. @ https://alaglas.com/blog/:352
[  458695ms] [ERROR] Mixed Content: The page at 'https://alaglas.com/blog/' was loaded over HTTPS, but requested an insecure stylesheet 'http://alaglas.com/wp-content/uploads/elementor/css/base-mobile.css?ver=6a84b5db641ad'. This request has been blocked; the content must be served over HTTPS. @ https://alaglas.com/blog/:353
[  459284ms] [LOG] JQMIGRATE: Migrate is installed, version 3.4.1 @ https://alaglas.com/wp-includes/js/jquery/jquery-migrate.min.js?ver=3.4.1:1
[  460554ms] [WARNING] @import rules are not allowed here. See https://github.com/WICG/construct-stylesheets/issues/119#issuecomment-588352418. @ https://widgets.leadconnectorhq.com/chat-widget/p-Do7bswAW.js:8
[  780111ms] [ERROR] Mixed Content: The page at 'https://alaglas.com/blog/' was loaded over HTTPS, but requested an insecure stylesheet 'http://alaglas.com/wp-content/uploads/elementor/css/base-desktop.css?ver=6a84b5db641ad'. This request has been blocked; the content must be served over HTTPS. @ https://alaglas.com/blog/:352
[  780111ms] [ERROR] Mixed Content: The page at 'https://alaglas.com/blog/' was loaded over HTTPS, but requested an insecure stylesheet 'http://alaglas.com/wp-content/uploads/elementor/css/base-mobile.css?ver=6a84b5db641ad'. This request has been blocked; the content must be served over HTTPS. @ https://alaglas.com/blog/:353
[  781637ms] [LOG] JQMIGRATE: Migrate is installed, version 3.4.1 @ https://alaglas.com/wp-includes/js/jquery/jquery-migrate.min.js?ver=3.4.1:1
[  783185ms] [WARNING] @import rules are not allowed here. See https://github.com/WICG/construct-stylesheets/issues/119#issuecomment-588352418. @ https://widgets.leadconnectorhq.com/chat-widget/p-Do7bswAW.js:8
[  855782ms] [ERROR] Mixed Content: The page at 'https://alaglas.com/blog/' was loaded over HTTPS, but requested an insecure stylesheet 'http://alaglas.com/wp-content/uploads/elementor/css/base-desktop.css?ver=6a84b5db641ad'. This request has been blocked; the content must be served over HTTPS. @ https://alaglas.com/blog/:352
[  855783ms] [ERROR] Mixed Content: The page at 'https://alaglas.com/blog/' was loaded over HTTPS, but requested an insecure stylesheet 'http://alaglas.com/wp-content/uploads/elementor/css/base-mobile.css?ver=6a84b5db641ad'. This request has been blocked; the content must be served over HTTPS. @ https://alaglas.com/blog/:353
[  856493ms] [LOG] JQMIGRATE: Migrate is installed, version 3.4.1 @ https://alaglas.com/wp-includes/js/jquery/jquery-migrate.min.js?ver=3.4.1:1
[  857537ms] [WARNING] @import rules are not allowed here. See https://github.com/WICG/construct-stylesheets/issues/119#issuecomment-588352418. @ https://widgets.leadconnectorhq.com/chat-widget/p-Do7bswAW.js:8
[ 7133872ms] [ERROR] Mixed Content: The page at 'https://alaglas.com/blog/' was loaded over HTTPS, but requested an insecure stylesheet 'http://alaglas.com/wp-content/uploads/elementor/css/base-desktop.css?ver=6a84b5db641ad'. This request has been blocked; the content must be served over HTTPS. @ https://alaglas.com/blog/:352
[ 7133872ms] [ERROR] Mixed Content: The page at 'https://alaglas.com/blog/' was loaded over HTTPS, but requested an insecure stylesheet 'http://alaglas.com/wp-content/uploads/elementor/css/base-mobile.css?ver=6a84b5db641ad'. This request has been blocked; the content must be served over HTTPS. @ https://alaglas.com/blog/:353
[ 7134428ms] [LOG] JQMIGRATE: Migrate is installed, version 3.4.1 @ https://alaglas.com/wp-includes/js/jquery/jquery-migrate.min.js?ver=3.4.1:1
[ 7136613ms] [WARNING] @import rules are not allowed here. See https://github.com/WICG/construct-stylesheets/issues/119#issuecomment-588352418. @ https://widgets.leadconnectorhq.com/chat-widget/p-Do7bswAW.js:8
